Microchip MPLAB XC8 Compiler V2.35

Linker command line:

-W-3 --edf=C:\Program Files\Microchip\xc8\v2.35\pic\dat\en_msgs.txt -cn \
  -h+dist/default/production\SLAVE_Prueba.X.production.sym \
  --cmf=dist/default/production\SLAVE_Prueba.X.production.cmf -z -Q16F887 \
  -oC:\Users\COMPUF~1\AppData\Local\Temp\xcAsfuo.6 --defsym=__MPLAB_BUILD=1 \
  -Mdist/default/production/SLAVE_Prueba.X.production.map \
  --md=C:\Users\COMPUF~1\AppData\Local\Temp\xcCsfuo.dat -E1 \
  -ver=XC8 Compiler --acfsm=1493 -ACODE=00h-07FFhx4 -ASTRCODE=00h-01FFFh \
  -ASTRING=00h-0FFhx32 -ACONST=00h-0FFhx32 -AENTRY=00h-0FFhx32 \
  -ACOMMON=070h-07Fh -ABANK0=020h-06Fh -ABANK1=0A0h-0EFh \
  -ABANK2=0110h-016Fh -ABANK3=0190h-01EFh \
  -ARAM=020h-06Fh,0A0h-0EFh,0110h-016Fh,0190h-01EFh \
  -AABS1=020h-07Fh,0A0h-0EFh,0110h-016Fh,0190h-01EFh -ASFR0=00h-01Fh \
  -ASFR1=080h-09Fh -ASFR2=0100h-010Fh -ASFR3=0180h-018Fh \
  -ACONFIG=02007h-02008h -DCONFIG=2 -AIDLOC=02000h-02003h -DIDLOC=2 \
  -AEEDATA=00h-0FFh/02100h -peeprom_data=EEDATA -DEEDATA=2 -DCODE=2 \
  -DSTRCODE=2 -DSTRING=2 -DCONST=2 -DENTRY=2 \
  -preset_vec=00h,intentry=04h,init,end_init -ppowerup=CODE -pcinit=CODE \
  -pfunctab=ENTRY -k C:\Users\COMPUF~1\AppData\Local\Temp\xcAsfuo.o \
  dist/default/production\SLAVE_Prueba.X.production.o 

Object code version is 3.11

Machine type is 16F887



                Name                               Link     Load   Length Selector   Space Scale
C:\Users\COMPUF~1\AppData\Local\Temp\xcAsfuo.o
                end_init                              E        E        3        8       0
                reset_vec                             0        0        3        0       0
                config                             2007     2007        2        0       4
                idloc                              2000     2000        4        0       5
dist/default/production\SLAVE_Prueba.X.production.o
                cinit                                11       11       2D        8       0
                intentry                              4        4        A        8       0
                config                             2007     2007        2        0       4
                idloc                              2000     2000        4        0       5
                text29                              F83      F83       18     1F06       0
                text28                              FCC      FCC       1A     1F98       0
                text27                              F5E      F5E        E     1EBC       0
                text26                              F38      F38        7     1E70       0
                text25                              F55      F55        9     1EAA       0
                text24                              F20      F20        6     1E40       0
                text23                              F26      F26        6     1E4C       0
                text22                              1C8      1C8      180        8       0
                text21                              F2C      F2C        6     1E58       0
                text20                              FB3      FB3       19     1F66       0
                text19                              7D8      7D8       26      FB0       0
                text18                              F3F      F3F        7     1E7E       0
                text17                              F46      F46        7     1E8C       0
                text16                              F9B      F9B       18     1F36       0
                text15                              788      788       29        8       0
                text14                              677      677       4A        8       0
                text13                              FE6      FE6       1A     1FCC       0
                text12                              F6C      F6C       17     1ED8       0
                text11                              708      708       41        8       0
                text10                              749      749       3F        8       0
                text9                               508      508       65        8       0
                text8                               F32      F32        6     1E64       0
                text7                               6C1      6C1       47        8       0
                text6                               4A0      4A0       68        8       0
                text5                               621      621       56        8       0
                text4                               348      348       EF        8       0
                text3                               437      437       69        8       0
                text2                               56D      56D       5B        8       0
                text1                               5C8      5C8       59        8       0
                maintext                             3E       3E      18A        8       0
                cstackBANK0                          3E       3E       1B       20       1
                cstackCOMMON                         70       70        B       70       1
                clrtext                             F4D      F4D        8     1E9A       0
                dataBANK0                            59       59        4       20       1
                bssBANK0                             20       20       1E       20       1
                dataCOMMON                           7D       7D        1       70       1
                bssCOMMON                            7B       7B        2       70       1
                strings                             7B1      7B1       27      F62       0
                idataBANK0                          F1C      F1C        4     1E38       0
                idataCOMMON                         7FE      7FE        1      FB0       0

TOTAL           Name                               Link     Load   Length     Space
        CLASS   CODE           
                end_init                              E        E        3         0
                cinit                                11       11       2D         0
                intentry                              4        4        A         0
                reset_vec                             0        0        3         0
                text29                              F83      F83       18         0
                text28                              FCC      FCC       1A         0
                text27                              F5E      F5E        E         0
                text26                              F38      F38        7         0
                text25                              F55      F55        9         0
                text24                              F20      F20        6         0
                text23                              F26      F26        6         0
                text22                              1C8      1C8      180         0
                text21                              F2C      F2C        6         0
                text20                              FB3      FB3       19         0
                text19                              7D8      7D8       26         0
                text18                              F3F      F3F        7         0
                text17                              F46      F46        7         0
                text16                              F9B      F9B       18         0
                text15                              788      788       29         0
                text14                              677      677       4A         0
                text13                              FE6      FE6       1A         0
                text12                              F6C      F6C       17         0
                text11                              708      708       41         0
                text10                              749      749       3F         0
                text9                               508      508       65         0
                text8                               F32      F32        6         0
                text7                               6C1      6C1       47         0
                text6                               4A0      4A0       68         0
                text5                               621      621       56         0
                text4                               348      348       EF         0
                text3                               437      437       69         0
                text2                               56D      56D       5B         0
                text1                               5C8      5C8       59         0
                maintext                             3E       3E      18A         0
                clrtext                             F4D      F4D        8         0
                idataBANK0                          F1C      F1C        4         0
                idataCOMMON                         7FE      7FE        1         0

        CLASS   STRCODE        

        CLASS   STRING         
                strings                             7B1      7B1       27         0

        CLASS   CONST          

        CLASS   ENTRY          

        CLASS   COMMON         
                cstackCOMMON                         70       70        B         1
                dataCOMMON                           7D       7D        1         1
                bssCOMMON                            7B       7B        2         1

        CLASS   BANK0          
                cstackBANK0                          3E       3E       1B         1
                dataBANK0                            59       59        4         1
                bssBANK0                             20       20       1E         1

        CLASS   BANK1          

        CLASS   BANK2          

        CLASS   BANK3          

        CLASS   RAM            

        CLASS   ABS1           
                abs_s1                               7E       7E        2         1

        CLASS   SFR0           

        CLASS   SFR1           

        CLASS   SFR2           

        CLASS   SFR3           

        CLASS   CONFIG         
                config                             2007     2007        2         4

        CLASS   IDLOC          
                idloc                              2000     2000        4         5

        CLASS   EEDATA         

        CLASS   STACK          



SEGMENTS        Name                           Load    Length   Top    Selector   Space  Class     Delta

                reset_vec                      000000  000003  000003         0       0  CODE        2
                intentry                       000004  0007AD  0007B1         8       0  CODE        2
                bssBANK0                       000020  00003D  00005D        20       1  BANK0       1
                cstackCOMMON                   000070  00000E  00007E        70       1  COMMON      1
                strings                        0007B1  000027  0007D8       F62       0  STRING      2
                text19                         0007D8  000027  0007FF       FB0       0  CODE        2
                idataBANK0                     000F1C  000004  000F20      1E38       0  CODE        2
                text24                         000F20  000006  000F26      1E40       0  CODE        2
                text23                         000F26  000006  000F2C      1E4C       0  CODE        2
                text21                         000F2C  000006  000F32      1E58       0  CODE        2
                text8                          000F32  000006  000F38      1E64       0  CODE        2
                text26                         000F38  000007  000F3F      1E70       0  CODE        2
                text18                         000F3F  000007  000F46      1E7E       0  CODE        2
                text17                         000F46  000007  000F4D      1E8C       0  CODE        2
                clrtext                        000F4D  000008  000F55      1E9A       0  CODE        2
                text25                         000F55  000009  000F5E      1EAA       0  CODE        2
                text27                         000F5E  00000E  000F6C      1EBC       0  CODE        2
                text12                         000F6C  000017  000F83      1ED8       0  CODE        2
                text29                         000F83  000018  000F9B      1F06       0  CODE        2
                text16                         000F9B  000018  000FB3      1F36       0  CODE        2
                text20                         000FB3  000019  000FCC      1F66       0  CODE        2
                text28                         000FCC  00001A  000FE6      1F98       0  CODE        2
                text13                         000FE6  00001A  001000      1FCC       0  CODE        2


UNUSED ADDRESS RANGES

        Name                Unused          Largest block    Delta
        BANK0            005D-006F             13           1
        BANK1            00A0-00EF             50           1
        BANK2            0110-016F             60           1
        BANK3            0190-01EF             60           1
        CODE             0003-0003              1           2
                         07FF-0F1B              1
                         1000-1FFF            800
        CONST            0003-0003              1           2
                         07FF-0F1B            100
                         1000-1FFF            100
        EEDATA           2100-21FF            100           2
        ENTRY            0003-0003              1           2
                         07FF-0F1B            100
                         1000-1FFF            100
        RAM              005D-006F             13           1
                         00A0-00EF             50
                         0110-016F             60
                         0190-01EF             60
        SFR0             0000-001F             20           1
        SFR1             0080-009F             20           1
        SFR2             0100-010F             10           1
        SFR3             0180-018F             10           1
        STRCODE          0003-0003              1           2
                         07FF-0F1B            71D
                         1000-1FFF           1000
        STRING           0003-0003              1           2
                         07FF-0F1B            100
                         1000-1FFF            100

                                  Symbol Table

?___awdiv                  cstackBANK0  003E
?___awmod                  cstackBANK0  003E
?___lldiv                  cstackBANK0  003E
?___llmod                  cstackBANK0  003E
?_spiDataReady             cstackCOMMON 0070
Lcd_Cmd@a                  cstackBANK0  0040
Lcd_Port@a                 cstackBANK0  003E
Lcd_Set_Cursor@a           cstackBANK0  0043
Lcd_Set_Cursor@b           cstackBANK0  0041
Lcd_Set_Cursor@temp        cstackBANK0  0044
Lcd_Write_Char@a           cstackBANK0  0040
Lcd_Write_String@a         cstackBANK0  0043
Lcd_Write_String@i         cstackBANK0  0041
_ANSEL                     (abs)        0188
_ANSELH                    (abs)        0189
_BAUDCTLbits               (abs)        0187
_CCP1CON                   (abs)        0017
_CCP1CONbits               (abs)        0017
_CCP2CON                   (abs)        001D
_CCP2CONbits               (abs)        001D
_CCPR1L                    (abs)        0015
_INTCONbits                (abs)        000B
_Lcd_Cmd                   text20       0FB3
_Lcd_Init                  text14       0677
_Lcd_Port                  text21       0F2C
_Lcd_Set_Cursor            text19       07D8
_Lcd_Shift_Left            text18       0F3F
_Lcd_Shift_Right           text17       0F46
_Lcd_Write_Char            text16       0F9B
_Lcd_Write_String          text15       0788
_OPTION_REGbits            (abs)        0081
_OSCCONbits                (abs)        008F
_PIE1bits                  (abs)        008C
_PIR1bits                  (abs)        000C
_PORTA                     (abs)        0005
_PORTB                     (abs)        0006
_PORTBbits                 (abs)        0006
_PORTC                     (abs)        0007
_PORTD                     (abs)        0008
_PORTEbits                 (abs)        0009
_PR2                       (abs)        0092
_RCREG                     (abs)        001A
_RCSTAbits                 (abs)        0018
_RE1                       (abs)        0049
_SPBRG                     (abs)        0099
_SPBRGH                    (abs)        009A
_SSPBUF                    (abs)        0013
_SSPCONbits                (abs)        0014
_SSPSTATbits               (abs)        0094
_T2CONbits                 (abs)        0012
_TMR0                      (abs)        0001
_TRISA                     (abs)        0085
_TRISAbits                 (abs)        0085
_TRISB                     (abs)        0086
_TRISC                     (abs)        0087
_TRISCbits                 (abs)        0087
_TRISD                     (abs)        0088
_TRISE                     (abs)        0089
_TXREG                     (abs)        0019
_TXSTAbits                 (abs)        0098
__Habs1                    abs1         0000
__Hbank0                   bank0        0000
__Hbank1                   bank1        0000
__Hbank2                   bank2        0000
__Hbank3                   bank3        0000
__HbssBANK0                bssBANK0     0000
__HbssCOMMON               bssCOMMON    0000
__Hcinit                   cinit        003E
__Hclrtext                 clrtext      0000
__Hcode                    code         0000
__Hcommon                  common       0000
__Hconfig                  config       2009
__HcstackBANK0             cstackBANK0  0000
__HcstackCOMMON            cstackCOMMON 0000
__HdataBANK0               dataBANK0    0000
__HdataCOMMON              dataCOMMON   0000
__Heeprom_data             eeprom_data  0000
__Hend_init                end_init     0011
__Hfunctab                 functab      0000
__HidataBANK0              idataBANK0   0000
__HidataCOMMON             idataCOMMON  0000
__Hidloc                   idloc        2004
__Hinit                    init         000E
__Hintentry                intentry     000E
__Hmaintext                maintext     0000
__Hpowerup                 powerup      0000
__Hram                     ram          0000
__Hreset_vec               reset_vec    0003
__Hsfr0                    sfr0         0000
__Hsfr1                    sfr1         0000
__Hsfr2                    sfr2         0000
__Hsfr3                    sfr3         0000
__Hspace_0                 (abs)        1000
__Hspace_1                 (abs)        007E
__Hspace_2                 (abs)        0000
__Hspace_3                 (abs)        0000
__Hspace_4                 (abs)        4010
__Hstack                   stack        0000
__Hstrings                 strings      0000
__Htext                    text         0000
__Labs1                    abs1         0000
__Lbank0                   bank0        0000
__Lbank1                   bank1        0000
__Lbank2                   bank2        0000
__Lbank3                   bank3        0000
__LbssBANK0                bssBANK0     0000
__LbssCOMMON               bssCOMMON    0000
__Lcinit                   cinit        0011
__Lclrtext                 clrtext      0000
__Lcode                    code         0000
__Lcommon                  common       0000
__Lconfig                  config       0000
__LcstackBANK0             cstackBANK0  0000
__LcstackCOMMON            cstackCOMMON 0000
__LdataBANK0               dataBANK0    0000
__LdataCOMMON              dataCOMMON   0000
__Leeprom_data             eeprom_data  0000
__Lend_init                end_init     000E
__Lfunctab                 functab      0000
__LidataBANK0              idataBANK0   0000
__LidataCOMMON             idataCOMMON  0000
__Lidloc                   idloc        0000
__Linit                    init         000E
__Lintentry                intentry     0004
__Lmaintext                maintext     0000
__Lpowerup                 powerup      0000
__Lram                     ram          0000
__Lreset_vec               reset_vec    0000
__Lsfr0                    sfr0         0000
__Lsfr1                    sfr1         0000
__Lsfr2                    sfr2         0000
__Lsfr3                    sfr3         0000
__Lspace_0                 (abs)        0000
__Lspace_1                 (abs)        0000
__Lspace_2                 (abs)        0000
__Lspace_3                 (abs)        0000
__Lspace_4                 (abs)        0000
__Lstack                   stack        0000
__Lstrings                 strings      0000
__Ltext                    text         0000
__S0                       (abs)        1000
__S1                       (abs)        007E
__S3                       (abs)        0000
___awdiv                   text3        0437
___awdiv@counter           cstackBANK0  0043
___awdiv@dividend          cstackBANK0  0040
___awdiv@divisor           cstackBANK0  003E
___awdiv@quotient          cstackBANK0  0045
___awdiv@sign              cstackBANK0  0044
___awmod                   text2        056D
___awmod@counter           cstackBANK0  0043
___awmod@dividend          cstackBANK0  0040
___awmod@divisor           cstackBANK0  003E
___awmod@sign              cstackBANK0  0044
___int_sp                  stack        0000
___latbits                 (abs)        0002
___lldiv                   text6        04A0
___lldiv@counter           cstackBANK0  004B
___lldiv@dividend          cstackBANK0  0042
___lldiv@divisor           cstackBANK0  003E
___lldiv@quotient          cstackBANK0  0047
___llmod                   text5        0621
___llmod@counter           cstackBANK0  0047
___llmod@dividend          cstackBANK0  0042
___llmod@divisor           cstackBANK0  003E
___sp                      stack        0000
___stackhi                 (abs)        0000
___stacklo                 (abs)        0000
__end_of_Lcd_Cmd           text20       0FCC
__end_of_Lcd_Init          text14       06C1
__end_of_Lcd_Port          text21       0F32
__end_of_Lcd_Set_Cursor    text19       07FE
__end_of_Lcd_Shift_Left    text18       0F46
__end_of_Lcd_Shift_Right   text17       0F4D
__end_of_Lcd_Write_Char    text16       0FB3
__end_of_Lcd_Write_String  text15       07B1
__end_of___awdiv           text3        04A0
__end_of___awmod           text2        05C8
__end_of___lldiv           text6        0508
__end_of___llmod           text5        0677
__end_of__initialization   cinit        003A
__end_of__stringtab        strings      07B7
__end_of_init_SPI          text13       1000
__end_of_init_UART         text12       0F83
__end_of_init_osc_MHz      text11       0749
__end_of_isr               text22       0348
__end_of_main              maintext     01C8
__end_of_pwm_duty_cycle    text29       0F9B
__end_of_pwm_init          text10       0788
__end_of_servo             text28       0FE6
__end_of_setup             text7        0708
__end_of_spiDataReady      text27       0F6C
__end_of_spiRead           text25       0F5E
__end_of_spiReceiveWait    text26       0F3F
__end_of_spiWrite          text24       0F26
__end_of_tmr0_init         text9        056D
__end_of_tmr0_reload       text8        0F38
__end_of_valor_lux         text4        0437
__end_of_valor_temperatura text1        0621
__end_ofi1_tmr0_reload     text23       0F2C
__initialization           cinit        0011
__pbssBANK0                bssBANK0     0020
__pbssCOMMON               bssCOMMON    007B
__pcstackBANK0             cstackBANK0  003E
__pcstackCOMMON            cstackCOMMON 0070
__pdataBANK0               dataBANK0    0059
__pdataCOMMON              dataCOMMON   007D
__pidataBANK0              idataBANK0   0F1C
__pidataCOMMON             idataCOMMON  07FE
__pintentry                intentry     0004
__pmaintext                maintext     003E
__pstrings                 strings      07B1
__ptext1                   text1        05C8
__ptext10                  text10       0749
__ptext11                  text11       0708
__ptext12                  text12       0F6C
__ptext13                  text13       0FE6
__ptext14                  text14       0677
__ptext15                  text15       0788
__ptext16                  text16       0F9B
__ptext17                  text17       0F46
__ptext18                  text18       0F3F
__ptext19                  text19       07D8
__ptext2                   text2        056D
__ptext20                  text20       0FB3
__ptext21                  text21       0F2C
__ptext22                  text22       01C8
__ptext23                  text23       0F26
__ptext24                  text24       0F20
__ptext25                  text25       0F55
__ptext26                  text26       0F38
__ptext27                  text27       0F5E
__ptext28                  text28       0FCC
__ptext29                  text29       0F83
__ptext3                   text3        0437
__ptext4                   text4        0348
__ptext5                   text5        0621
__ptext6                   text6        04A0
__ptext7                   text7        06C1
__ptext8                   text8        0F32
__ptext9                   text9        0508
__stringbase               strings      07B6
__stringtab                strings      07B1
_cont                      dataCOMMON   007D
_cont_100                  dataBANK0    005C
_cont_lcd                  dataBANK0    005B
_cont_mover                dataBANK0    005A
_cont_mover2               dataBANK0    0059
_contador2                 bssBANK0     002F
_data1                     bssBANK0     003D
_data2                     bssBANK0     003C
_data3                     bssBANK0     003B
_data4                     bssBANK0     003A
_hour_decenas              bssBANK0     0031
_hour_unidades             bssBANK0     0032
_init_SPI                  text13       0FE6
_init_UART                 text12       0F6C
_init_osc_MHz              text11       0708
_isr                       text22       01C8
_lumens                    bssBANK0     0025
_lux                       bssBANK0     002D
_luz                       bssBANK0     0020
_main                      maintext     003E
_min_decenas               bssBANK0     0034
_min_unidades              bssBANK0     0033
_mover                     bssBANK0     0030
_pwm_duty_cycle            text29       0F83
_pwm_init                  text10       0749
_sec_decenas               bssBANK0     0036
_sec_unidades              bssBANK0     0035
_servo                     text28       0FCC
_setup                     text7        06C1
_spiDataReady              text27       0F5E
_spiRead                   text25       0F55
_spiReceiveWait            text26       0F38
_spiWrite                  text24       0F20
_temp                      bssBANK0     0039
_temperatura               bssBANK0     0029
_tmr0_init                 text9        0508
_tmr0_reload               text8        0F32
_val                       bssCOMMON    007C
_val2                      bssBANK0     0038
_val3                      bssBANK0     0037
_val_temporal              bssCOMMON    007B
_valor_lux                 text4        0348
_valor_temperatura         text1        05C8
btemp                      (abs)        007E
clear_ram0                 clrtext      0F4D
end_of_initialization      cinit        003A
i1_tmr0_reload             text23       0F26
init_osc_MHz@freq          cstackBANK0  0040
interrupt_function         intentry     0004
intlevel0                  functab      0000
intlevel1                  functab      0000
intlevel2                  functab      0000
intlevel3                  functab      0000
intlevel4                  functab      0000
intlevel5                  functab      0000
pwm_duty_cycle@duty_cycle  cstackCOMMON 0070
pwm_init@channel           cstackBANK0  0040
reset_vec                  reset_vec    0000
saved_w                    (abs)        007E
servo@mov                  cstackCOMMON 0074
spiWrite@dat               cstackCOMMON 0070
start                      init         000E
start_initialization       cinit        0011
tmr0_init@prescaler        cstackBANK0  0040
valor_lux@lux              cstackBANK0  004C
valor_lux@valor            cstackBANK0  0051
valor_temperatura@temp     cstackBANK0  0047
wtemp0                     (abs)        007E


MODULE INFORMATION

Module		Function		Class		Link	Load	Size
UART.c
		_init_UART     		CODE           	0F6C	0000	23

UART.c estimated size: 23

C:\Program Files\Microchip\xc8\v2.35\pic\sources\c90\common\awmod.c
		___awmod       		CODE           	056D	0000	91

C:\Program Files\Microchip\xc8\v2.35\pic\sources\c90\common\awmod.c estimated size: 91

C:\Program Files\Microchip\xc8\v2.35\pic\sources\c90\common\llmod.c
		___llmod       		CODE           	0621	0000	86

C:\Program Files\Microchip\xc8\v2.35\pic\sources\c90\common\llmod.c estimated size: 86

C:\Program Files\Microchip\xc8\v2.35\pic\sources\c90\common\awdiv.c
		___awdiv       		CODE           	0437	0000	105

C:\Program Files\Microchip\xc8\v2.35\pic\sources\c90\common\awdiv.c estimated size: 105

Oscilador.c
		_init_osc_MHz  		CODE           	0708	0000	65

Oscilador.c estimated size: 65

C:\Program Files\Microchip\xc8\v2.35\pic\sources\c90\common\__lldiv.c
		___lldiv       		CODE           	04A0	0000	104

C:\Program Files\Microchip\xc8\v2.35\pic\sources\c90\common\__lldiv.c estimated size: 104

PWM.c
		_pwm_duty_cycle		CODE           	0F83	0000	24
		_pwm_init      		CODE           	0749	0000	63

PWM.c estimated size: 87

shared
		__stringtab    		STRING         	07B1	0000	6
		__initialization		CODE           	0011	0000	41
		i1_tmr0_reload 		CODE           	0F26	0000	6

shared estimated size: 53

TIMER0.c
		_tmr0_reload   		CODE           	0F32	0000	6
		_tmr0_init     		CODE           	0508	0000	101

TIMER0.c estimated size: 107

SPIS.c
		_spiWrite      		CODE           	0F20	0000	6
		_spiDataReady  		CODE           	0F5E	0000	14
		_spiReceiveWait		CODE           	0F38	0000	7
		_spiRead       		CODE           	0F55	0000	9
		_init_SPI      		CODE           	0FE6	0000	26

SPIS.c estimated size: 62

MASTERSPI.c
		_valor_lux     		CODE           	0348	0000	239
		_main          		CODE           	003E	0000	394
		_isr           		CODE           	01C8	0000	384
		_servo         		CODE           	0FCC	0000	26
		_setup         		CODE           	06C1	0000	71
		_valor_temperatura		CODE           	05C8	0000	89

MASTERSPI.c estimated size: 1203

LCD.c
		_Lcd_Write_String		CODE           	0788	0000	41
		_Lcd_Shift_Left		CODE           	0F3F	0000	7
		_Lcd_Init      		CODE           	0677	0000	74
		_Lcd_Write_Char		CODE           	0F9B	0000	24
		_Lcd_Cmd       		CODE           	0FB3	0000	25
		_Lcd_Shift_Right		CODE           	0F46	0000	7
		_Lcd_Set_Cursor		CODE           	07D8	0000	38
		_Lcd_Port      		CODE           	0F2C	0000	6

LCD.c estimated size: 222

